[0;1;36m  Message Index[0m                                                                
  [0;1;30mДДДДДДДДДДДДДДДДДДДДДДДДДДДДДДДДДДДДДДДДДДДДДДДДДДДДДДДДДДДДДДДДДДДДДДДДДДДД[0m 
[0;1;36m  Conf           Area                         New   Total[0m                      
  [0;1;30mДДДДДДДДДДДДДДДДДДДДДДДДДДДДДДДДДДДДДДДДДДДДДДДДДДДДДДДДДДДДДДДДДДДДДДДДДДДД[0m 
  %VM1                                                                         
                                                                               
                                                                               
                                                                               
                                                                               
                                                                               
                                                                               
                                                                               
                                                                               
                                                                               
                                                                               
                                                                               
  [0;1;30mДДДДДДДДДДДДДДДДДДДДДДДДДДДДДДДДДДДДДДДДДДДДДДДДДДДДДДДДДДДДДДДДДДДДДДДДДДДД[0m 
  [0;37m%TL4[0m                                                                         
  [0;1;36m/[0;37m Select   [0;1;36mEnter[0;37m Open   [0;1;36mQ[0;37m Back[0m                                             
